[backblue.gif]
[fade.gif]
[index.html]
[localhost/antibes/feed/index.html]
[localhost/antibes/comments/feed/index.html]
[localhost/antibes/wp-content/plugins/social-icons-widget-by-wpzoom/assets/font/academicons5849.woff2]
[localhost/antibes/wp-content/plugins/social-icons-widget-by-wpzoom/assets/font/fontawesome-webfont3e6e.woff2]
[localhost/antibes/wp-content/plugins/social-icons-widget-by-wpzoom/assets/font/Genericons.woff]
[localhost/antibes/wp-content/plugins/social-icons-widget-by-wpzoom/assets/font/sociconaefa.woff2]
[localhost/antibes/wp-includes/js/jquery/jquery.minf43b.js]
[localhost/antibes/wp-includes/js/jquery/jquery-migrate.min5589.js]
[localhost/antibes/wp-content/uploads/dynamic_avia/avia-head-scripts-1ecb691e07acef7d10b6e24aac33f05e---68177fa8b7012.js]
[localhost/antibes/wp-json/wp/v2/pages/2.json]
[localhost/antibes/wp-json/index.html]
[localhost/antibes/xmlrpc0db0.php]
[localhost/antibes/wp-json/oembed/1.0/embede544.json]
[localhost/antibes/wp-json/oembed/1.0/embedb8de]
[localhost/antibes/wp-content/uploads/2025/05/1746185417172.png]
[localhost/antibes/wp-content/themes/enfold/config-templatebuilder/avia-template-builder/assets/fonts/entypo-fontello-enfold/entypo-fontello-enfold.woff2]
[localhost/antibes/wp-content/themes/enfold/config-templatebuilder/avia-template-builder/assets/fonts/entypo-fontello-enfold/entypo-fontello-enfold.woff]
[localhost/antibes/wp-content/themes/enfold/config-templatebuilder/avia-template-builder/assets/fonts/entypo-fontello-enfold/entypo-fontello-enfold.ttf]
[localhost/antibes/wp-content/themes/enfold/config-templatebuilder/avia-template-builder/assets/fonts/entypo-fontello-enfold/entypo-fontello-enfold.eot]
[localhost/antibes/wp-content/themes/enfold/config-templatebuilder/avia-template-builder/assets/fonts/entypo-fontello-enfold/entypo-fontello-enfoldd41d.eot]
[localhost/antibes/wp-content/themes/enfold/config-templatebuilder/avia-template-builder/assets/fonts/entypo-fontello/entypo-fontello.woff2]
[localhost/antibes/wp-content/themes/enfold/config-templatebuilder/avia-template-builder/assets/fonts/entypo-fontello/entypo-fontello.woff]
[localhost/antibes/wp-content/themes/enfold/config-templatebuilder/avia-template-builder/assets/fonts/entypo-fontello/entypo-fontello.ttf]
[localhost/antibes/wp-content/themes/enfold/config-templatebuilder/avia-template-builder/assets/fonts/entypo-fontello/entypo-fontello.eot]
[localhost/antibes/wp-content/themes/enfold/config-templatebuilder/avia-template-builder/assets/fonts/entypo-fontello/entypo-fontellod41d.eot]
[localhost/antibes/wp-content/uploads/2025/05/1746189837148-pica-processedlightpdf.com_.jpg]
[localhost/antibes/wp-content/uploads/2025/05/wmremove-transformed-3.png]
[localhost/antibes/wp-content/uploads/2025/05/photo3.webp]
[localhost/antibes/wp-includes/js/dist/hooks.min4fdd.js]
[localhost/antibes/wp-includes/js/dist/i18n.minc33c.js]
[localhost/antibes/wp-content/plugins/contact-form-7/includes/swv/js/indexfc7a.js]
[localhost/antibes/wp-content/plugins/contact-form-7/includes/js/indexfc7a.js]
[localhost/antibes/wp-content/plugins/social-icons-widget-by-wpzoom/assets/js/social-icons-widget-frontend1247.js]
[localhost/antibes/wp-content/themes/enfold/config-layerslider/LayerSlider/assets/static/layerslider/js/layerslider.utils00ee.js]
[localhost/antibes/wp-content/themes/enfold/config-layerslider/LayerSlider/assets/static/layerslider/js/layerslider.kreaturamedia.jquery00ee.js]
[localhost/antibes/wp-content/themes/enfold/config-layerslider/LayerSlider/assets/static/layerslider/js/layerslider.transitions00ee.js]
[localhost/antibes/wp-content/uploads/dynamic_avia/avia-footer-scripts-f4304f59560738f4631f56919d19f294---6817b09060421.js]
[localhost/antibes/index.html]
[localhost/antibes/home/index.html]
[localhost/antibes/wp-includes/css/dist/block-library/style.min0899.css]
[localhost/antibes/wp-content/plugins/social-icons-widget-by-wpzoom/block/dist/style-wpzoom-social-icons8686.css]
[localhost/antibes/wp-content/plugins/contact-form-7/includes/css/stylesfc7a.css]
[localhost/antibes/wp-content/plugins/social-icons-widget-by-wpzoom/assets/font/sociconfac5.woff2]
[localhost/antibes/wp-content/plugins/social-icons-widget-by-wpzoom/assets/css/wpzoom-socicon1247.css]
[localhost/antibes/wp-content/plugins/social-icons-widget-by-wpzoom/assets/css/genericons1247.css]
[localhost/antibes/wp-content/plugins/social-icons-widget-by-wpzoom/assets/font/academiconsa7b0.woff2]
[localhost/antibes/wp-content/plugins/social-icons-widget-by-wpzoom/assets/css/academicons.min1247.css]
[localhost/antibes/wp-content/plugins/social-icons-widget-by-wpzoom/assets/css/font-awesome-3.min1247.css]
[localhost/antibes/wp-includes/fonts/dashicons7d4b.eot]
[localhost/antibes/wp-includes/fonts/dashicons7d4b.ttf]
[localhost/antibes/wp-includes/css/dashicons.min0899.css]
[localhost/antibes/wp-content/plugins/social-icons-widget-by-wpzoom/assets/css/wpzoom-social-icons-styles1247.css]
[localhost/antibes/wp-content/themes/enfold/images/layout/loading.gif]
[localhost/antibes/wp-content/uploads/dynamic_avia/avia-merged-styles-fd5dfc15b63d2196a1043250fa05ca18---6817b92752ff0.css]
[localhost/antibes/wp-content/uploads/2025/05/1746296293584.jpg]
[localhost/antibes/wp-content/uploads/dynamic_avia/avia_posts_css/post-25c94.css]
[localhost/antibes/xmlrpc.php]
[localhost/antibes/wp-content/themes/enfold/config-templatebuilder/avia-template-builder/assets/fonts/entypo-fontello-enfold/entypo-fontello-enfold.svg]
[localhost/antibes/wp-content/themes/enfold/config-templatebuilder/avia-template-builder/assets/fonts/entypo-fontello/entypo-fontello.svg]
[localhost/antibes/wp-json/wp/v2/pages/173.json]
[localhost/antibes/wp-json/oembed/1.0/embed3a4b.json]
[localhost/antibes/wp-json/oembed/1.0/embeda7e5]
[localhost/antibes/housing/index.html]
[localhost/antibes/wp-json/wp/v2/pages/171.json]
[localhost/antibes/wp-json/oembed/1.0/embed219b.json]
[localhost/antibes/wp-json/oembed/1.0/embedfbb5]
[localhost/antibes/baggage/index.html]
[localhost/antibes/wp-json/wp/v2/pages/175.json]
[localhost/antibes/wp-json/oembed/1.0/embedfb28.json]
[localhost/antibes/wp-json/oembed/1.0/embed45c6]
[localhost/antibes/services/index.html]
[localhost/antibes/blog/index.html]
[localhost/antibes/wp-json/wp/v2/pages/179.json]
[localhost/antibes/wp-json/oembed/1.0/embed5f63.json]
[localhost/antibes/wp-json/oembed/1.0/embed2acc]
[localhost/antibes/contact/index.html]
[localhost/antibes/index1919.html]
[localhost/antibes/search/feed/rss2/index.html]
[localhost/antibes/wp-content/uploads/2025/05/ls-project-2-slide-1.html]
[localhost/antibes/wp-content/uploads/2025/05/photo.html]
[localhost/antibes/wp-content/uploads/2025/05/p12hot3o.html]
[localhost/antibes/wp-content/uploads/2025/05/fpee-1.html]
[localhost/antibes/wp-content/uploads/2025/05/phot3o.html]
[localhost/antibes/wp-content/uploads/2025/05/phot3o-1.html]
[localhost/antibes/wp-content/uploads/2025/05/photo2.html]
[localhost/antibes/wp-content/uploads/2025/05/ph22ot3o.html]
[localhost/antibes/privacy-policy/index.html]
[localhost/antibes/wp-content/uploads/2025/05/logo-1.svg]
[localhost/antibes/wp-content/uploads/2025/05/wmremove-transformed-3.png]
[localhost/icons/blank.gif]
[localhost/icons/back.gif]
[localhost/icons/text.gif]
[localhost/icons/folder.gif]
[localhost/antibes/wp-content/themes/enfold/framework/index.html]
[localhost/antibes/wp-content/themes/enfold/index.html]
[localhost/antibes/wp-admin/admin-ajax.html]
[localhost/antibes/wp-content/plugins/elementor/assets/css/frontend.min89ce.css]
[localhost/antibes/wp-content/uploads/elementor/css/post-7a37b.css]
[localhost/antibes/wp-content/uploads/dynamic_avia/avia_posts_css/post-173c30a.css]
[localhost/antibes/wp-content/uploads/elementor/google-fonts/fonts/roboto-kfo5cnqeu92fr1mu53zec9_vu3r1gihoszmkc3kawzu.woff2]
[localhost/antibes/wp-content/uploads/elementor/google-fonts/fonts/roboto-kfo5cnqeu92fr1mu53zec9_vu3r1gihoszmkankawzu.woff2]
[localhost/antibes/wp-content/uploads/elementor/google-fonts/fonts/roboto-kfo5cnqeu92fr1mu53zec9_vu3r1gihoszmkcnkawzu.woff2]
[localhost/antibes/wp-content/uploads/elementor/google-fonts/fonts/roboto-kfo5cnqeu92fr1mu53zec9_vu3r1gihoszmkbxkawzu.woff2]
[localhost/antibes/wp-content/uploads/elementor/google-fonts/fonts/roboto-kfo5cnqeu92fr1mu53zec9_vu3r1gihoszmkenkawzu.woff2]
[localhost/antibes/wp-content/uploads/elementor/google-fonts/fonts/roboto-kfo5cnqeu92fr1mu53zec9_vu3r1gihoszmkahkawzu.woff2]
[localhost/antibes/wp-content/uploads/elementor/google-fonts/fonts/roboto-kfo5cnqeu92fr1mu53zec9_vu3r1gihoszmkcxkawzu.woff2]
[localhost/antibes/wp-content/uploads/elementor/google-fonts/fonts/roboto-kfo5cnqeu92fr1mu53zec9_vu3r1gihoszmkchkawzu.woff2]
[localhost/antibes/wp-content/uploads/elementor/google-fonts/fonts/roboto-kfo5cnqeu92fr1mu53zec9_vu3r1gihoszmkbnka.woff2]
[localhost/antibes/wp-content/uploads/elementor/google-fonts/fonts/roboto-kfo7cnqeu92fr1me7ksn66agldtyluama3gubgee.woff2]
[localhost/antibes/wp-content/uploads/elementor/google-fonts/fonts/roboto-kfo7cnqeu92fr1me7ksn66agldtyluama3iubgee.woff2]
[localhost/antibes/wp-content/uploads/elementor/google-fonts/fonts/roboto-kfo7cnqeu92fr1me7ksn66agldtyluama3cubgee.woff2]
[localhost/antibes/wp-content/uploads/elementor/google-fonts/fonts/roboto-kfo7cnqeu92fr1me7ksn66agldtyluama3-ubgee.woff2]
[localhost/antibes/wp-content/uploads/elementor/google-fonts/fonts/roboto-kfo7cnqeu92fr1me7ksn66agldtyluamawcubgee.woff2]
[localhost/antibes/wp-content/uploads/elementor/google-fonts/fonts/roboto-kfo7cnqeu92fr1me7ksn66agldtyluamaxkubgee.woff2]
[localhost/antibes/wp-content/uploads/elementor/google-fonts/fonts/roboto-kfo7cnqeu92fr1me7ksn66agldtyluama3oubgee.woff2]
[localhost/antibes/wp-content/uploads/elementor/google-fonts/fonts/roboto-kfo7cnqeu92fr1me7ksn66agldtyluama3kubgee.woff2]
[localhost/antibes/wp-content/uploads/elementor/google-fonts/fonts/roboto-kfo7cnqeu92fr1me7ksn66agldtyluama3yuba.woff2]
[localhost/antibes/wp-content/uploads/elementor/google-fonts/css/roboto9176.css]
[localhost/antibes/wp-content/uploads/elementor/google-fonts/fonts/robotoslab-bngmuxzytxpivibgjjsb6ufa5qw54a.woff2]
[localhost/antibes/wp-content/uploads/elementor/google-fonts/fonts/robotoslab-bngmuxzytxpivibgjjsb6ufj5qw54a.woff2]
[localhost/antibes/wp-content/uploads/elementor/google-fonts/fonts/robotoslab-bngmuxzytxpivibgjjsb6ufb5qw54a.woff2]
[localhost/antibes/wp-content/uploads/elementor/google-fonts/fonts/robotoslab-bngmuxzytxpivibgjjsb6ufo5qw54a.woff2]
[localhost/antibes/wp-content/uploads/elementor/google-fonts/fonts/robotoslab-bngmuxzytxpivibgjjsb6ufc5qw54a.woff2]
[localhost/antibes/wp-content/uploads/elementor/google-fonts/fonts/robotoslab-bngmuxzytxpivibgjjsb6ufd5qw54a.woff2]
[localhost/antibes/wp-content/uploads/elementor/google-fonts/fonts/robotoslab-bngmuxzytxpivibgjjsb6ufn5qu.woff2]
[localhost/antibes/wp-content/uploads/elementor/google-fonts/css/robotoslab2096.css]
[localhost/antibes/indexec4a.html]
[localhost/antibes/housing/index1919.html]
[localhost/antibes/wp-json/wp/v2/posts/713.json]
[localhost/antibes/2025/05/04/le-duplex-100m2-au-coeur-dantibes-avec-parking-9/feed/index.html]
[localhost/antibes/wp-json/oembed/1.0/embede94f.json]
[localhost/antibes/wp-json/oembed/1.0/embed0a8b]
[localhost/antibes/2025/05/04/le-duplex-100m2-au-coeur-dantibes-avec-parking-9/index.html]
[localhost/antibes/wp-content/uploads/2025/05/awfwf.html]
[localhost/antibes/2025/05/04/le-duplex-100m2-au-coeur-dantibes-avec-parking-8/feed/index.html]
[localhost/antibes/wp-json/wp/v2/posts/711.json]
[localhost/antibes/wp-json/oembed/1.0/embedfc39.json]
[localhost/antibes/wp-json/oembed/1.0/embeda590]
[localhost/antibes/2025/05/04/le-duplex-100m2-au-coeur-dantibes-avec-parking-8/index.html]
[localhost/antibes/2025/05/04/le-duplex-100m2-au-coeur-dantibes-avec-parking-7/feed/index.html]
[localhost/antibes/wp-json/wp/v2/posts/709.json]
[localhost/antibes/wp-json/oembed/1.0/embedaf00.json]
[localhost/antibes/wp-json/oembed/1.0/embed0df2]
[localhost/antibes/2025/05/04/le-duplex-100m2-au-coeur-dantibes-avec-parking-7/index.html]
[localhost/antibes/2025/05/04/le-duplex-100m2-au-coeur-dantibes-avec-parking-6/feed/index.html]
[localhost/antibes/wp-json/wp/v2/posts/707.json]
[localhost/antibes/wp-json/oembed/1.0/embed6eca.json]
[localhost/antibes/wp-json/oembed/1.0/embed7a0d]
[localhost/antibes/2025/05/04/le-duplex-100m2-au-coeur-dantibes-avec-parking-6/index.html]
[localhost/antibes/wp-json/wp/v2/posts/705.json]
[localhost/antibes/2025/05/04/le-duplex-100m2-au-coeur-dantibes-avec-parking-5/feed/index.html]
[localhost/antibes/wp-json/oembed/1.0/embed1d5d.json]
[localhost/antibes/wp-json/oembed/1.0/embede62a]
[localhost/antibes/2025/05/04/le-duplex-100m2-au-coeur-dantibes-avec-parking-5/index.html]
[localhost/antibes/wp-json/wp/v2/posts/703.json]
[localhost/antibes/2025/05/04/le-duplex-100m2-au-coeur-dantibes-avec-parking-4/feed/index.html]
[localhost/antibes/wp-json/oembed/1.0/embede824.json]
[localhost/antibes/wp-json/oembed/1.0/embed19ba]
[localhost/antibes/2025/05/04/le-duplex-100m2-au-coeur-dantibes-avec-parking-4/index.html]
[localhost/antibes/2025/05/04/le-duplex-100m2-au-coeur-dantibes-avec-parking-3/feed/index.html]
[localhost/antibes/wp-json/wp/v2/posts/701.json]
[localhost/antibes/wp-json/oembed/1.0/embed8c9b.json]
[localhost/antibes/wp-json/oembed/1.0/embedc94c]
[localhost/antibes/2025/05/04/le-duplex-100m2-au-coeur-dantibes-avec-parking-3/index.html]
[localhost/antibes/2025/05/04/le-duplex-100m2-au-coeur-dantibes-avec-parking-1-2/feed/index.html]
[localhost/antibes/wp-json/wp/v2/posts/699.json]
[localhost/antibes/wp-json/oembed/1.0/embed0f0e.json]
[localhost/antibes/wp-json/oembed/1.0/embed283a]
[localhost/antibes/2025/05/04/le-duplex-100m2-au-coeur-dantibes-avec-parking-1-2/index.html]
[localhost/antibes/wp-json/wp/v2/posts/668.json]
[localhost/antibes/2025/05/04/le-duplex-100m2-au-coeur-dantibes-avec-parking-1/feed/index.html]
[localhost/antibes/wp-json/oembed/1.0/embed2c48.json]
[localhost/antibes/wp-json/oembed/1.0/embed8f73]
[localhost/antibes/2025/05/04/le-duplex-100m2-au-coeur-dantibes-avec-parking-1/index.html]
[localhost/antibes/wp-content/uploads/dynamic_avia/avia_posts_css/post-1712f40.css]
[localhost/antibes/indexa828.html]
[localhost/antibes/baggage/index1919.html]
[localhost/antibes/wp-content/uploads/dynamic_avia/avia_posts_css/post-175fd45.css]
[localhost/antibes/indexa09e.html]
[localhost/antibes/services/index1919.html]
[localhost/antibes/wp-content/uploads/dynamic_avia/avia_posts_css/post-7130203.css]
[localhost/antibes/blog/index1919.html]
[localhost/antibes/category/apartaments/feed/index.html]
[localhost/antibes/wp-json/wp/v2/categories/3.json]
[localhost/antibes/category/apartaments/index.html]
[localhost/antibes/wp-json/wp/v2/users/1.json]
[localhost/antibes/author/galaxer/feed/index.html]
[localhost/antibes/author/galaxer/index.html]
[localhost/antibes/wp-content/uploads/dynamic_avia/avia_posts_css/post-1795867.css]
[localhost/antibes/indexccf8.html]
[localhost/antibes/contact/index1919.html]
[localhost/antibes/wp-content/themes/enfold/framework/indexc052.html]
[localhost/antibes/wp-content/themes/enfold/framework/indexf8a0.html]
[localhost/antibes/wp-content/themes/enfold/framework/indexbfec.html]
[localhost/antibes/wp-content/uploads/2025/05/wmremove-transformed-3.png]
[localhost/antibes/wp-content/themes/enfold/framework/index30b5.html]
[localhost/antibes/wp-content/themes/enfold/framework/avia_framework.html]
[localhost/antibes/wp-content/themes/enfold/framework/css/index.html]
[localhost/antibes/wp-content/themes/enfold/framework/images/index.html]
[localhost/antibes/wp-content/themes/enfold/framework/js/avia_advanced_form_elements.js]
[localhost/antibes/wp-content/themes/enfold/framework/js/avia_advanced_form_elements.min.js]
[localhost/antibes/wp-content/themes/enfold/framework/js/avia_colorpicker.js]
[localhost/antibes/wp-content/themes/enfold/framework/js/avia_colorpicker.min.js]
[localhost/antibes/wp-content/themes/enfold/framework/js/avia_media.js]
[localhost/antibes/wp-content/themes/enfold/framework/js/avia_media.min.js]
[localhost/antibes/wp-content/themes/enfold/framework/js/avia_media_advanced.js]
[localhost/antibes/wp-content/themes/enfold/framework/js/avia_media_advanced.min.js]
[localhost/antibes/wp-content/themes/enfold/framework/js/avia_media_wp35.js]
[localhost/antibes/wp-content/themes/enfold/framework/js/avia_media_wp35.min.js]
[localhost/antibes/wp-content/themes/enfold/framework/js/avia_mega_menu.js]
[localhost/antibes/wp-content/themes/enfold/framework/js/avia_mega_menu.min.js]
[localhost/antibes/wp-content/themes/enfold/framework/js/avia_option_pages.js]
[localhost/antibes/wp-content/themes/enfold/framework/js/avia_option_pages.min.js]
[localhost/antibes/wp-content/themes/enfold/framework/js/avia_sidebar.js]
[localhost/antibes/wp-content/themes/enfold/framework/js/avia_sidebar.min.js]
[localhost/antibes/wp-content/themes/enfold/framework/js/index.html]
[localhost/antibes/wp-content/themes/enfold/framework/php/index.html]
[localhost/antibes/index2e8b.html]
[localhost/antibes/2025/05/04/le-duplex-100m2-au-coeur-dantibes-avec-parking-9/index1919.html]
[localhost/antibes/wp-content/uploads/2025/05/grreg.html]
[localhost/antibes/wp-content/uploads/2025/05/ewfww.html]
[localhost/antibes/wp-content/uploads/2025/05/rvgre.html]
[localhost/antibes/wp-content/uploads/2025/05/wdw.html]
[localhost/antibes/wp-content/uploads/2025/05/reg.html]
[localhost/antibes/wp-content/uploads/2025/05/few.html]
[localhost/antibes/wp-content/uploads/2025/05/ewfdewf.html]
[localhost/antibes/wp-content/uploads/2025/05/wef.html]
[localhost/antibes/wp-content/uploads/2025/05/cewfe.html]
[localhost/antibes/wp-content/uploads/dynamic_avia/avia_posts_css/post-7110d4c.css]
[localhost/antibes/indexa308.html]
[localhost/antibes/2025/05/04/le-duplex-100m2-au-coeur-dantibes-avec-parking-8/index1919.html]
[localhost/antibes/wp-content/uploads/dynamic_avia/avia_posts_css/post-709d5db.css]
[localhost/antibes/indexc344.html]
[localhost/antibes/2025/05/04/le-duplex-100m2-au-coeur-dantibes-avec-parking-7/index1919.html]
[localhost/antibes/wp-content/uploads/dynamic_avia/avia_posts_css/post-7072c02.css]
[localhost/antibes/index25b8.html]
[localhost/antibes/2025/05/04/le-duplex-100m2-au-coeur-dantibes-avec-parking-6/index1919.html]
[localhost/antibes/wp-content/uploads/dynamic_avia/avia_posts_css/post-705733f.css]
[localhost/antibes/index2ae7.html]
[localhost/antibes/2025/05/04/le-duplex-100m2-au-coeur-dantibes-avec-parking-5/index1919.html]
[localhost/antibes/wp-content/uploads/dynamic_avia/avia_posts_css/post-7037d07.css]
[localhost/antibes/indexf993.html]
[localhost/antibes/2025/05/04/le-duplex-100m2-au-coeur-dantibes-avec-parking-4/index1919.html]
[localhost/antibes/wp-content/uploads/dynamic_avia/avia_posts_css/post-7016811.css]
[localhost/antibes/index6fe2.html]
[localhost/antibes/2025/05/04/le-duplex-100m2-au-coeur-dantibes-avec-parking-3/index1919.html]
[localhost/antibes/wp-content/uploads/dynamic_avia/avia_posts_css/post-699dbde.css]
[localhost/antibes/index1c50.html]
[localhost/antibes/2025/05/04/le-duplex-100m2-au-coeur-dantibes-avec-parking-1-2/index1919.html]
[localhost/antibes/wp-content/uploads/dynamic_avia/avia_posts_css/post-6683691.css]
[localhost/antibes/index1cc0.html]
[localhost/antibes/2025/05/04/le-duplex-100m2-au-coeur-dantibes-avec-parking-1/index1919.html]
[localhost/antibes/category/apartaments/index1919.html]
[localhost/antibes/author/galaxer/index1919.html]
[localhost/antibes/wp-content/themes/enfold/framework/indexb70a.html]
[localhost/antibes/wp-content/themes/enfold/framework/index72c9.html]
[localhost/antibes/wp-content/themes/enfold/framework/index5851.html]
[localhost/antibes/wp-content/themes/enfold/framework/indexad3f.html]
[localhost/antibes/wp-content/themes/enfold/framework/css/indexc052.html]
[localhost/antibes/wp-content/themes/enfold/framework/css/indexf8a0.html]
[localhost/antibes/wp-content/themes/enfold/framework/css/indexbfec.html]
[localhost/antibes/wp-content/themes/enfold/framework/css/index30b5.html]
[localhost/antibes/wp-content/themes/enfold/framework/images/layout/bg-bottom-shadow.png]
[localhost/antibes/wp-content/themes/enfold/framework/images/icons/close.png]
[localhost/antibes/wp-content/themes/enfold/framework/images/icons/add.png]
[localhost/antibes/wp-content/themes/enfold/framework/images/icons/loading.gif]
[localhost/antibes/wp-content/themes/enfold/framework/images/icons/loading_mini.gif]
[localhost/antibes/wp-content/themes/enfold/framework/images/icons/success.png]
[localhost/antibes/wp-content/themes/enfold/framework/images/icons/alert.png]
[localhost/antibes/wp-content/themes/enfold/framework/images/layout/bg-button.png]
[localhost/antibes/wp-content/themes/enfold/framework/images/layout/bg-style-wrap.png]
[localhost/antibes/wp-content/themes/enfold/framework/images/layout/bg.png]
[localhost/antibes/wp-content/themes/enfold/framework/images/layout/sort_arrow_down.png]
[localhost/antibes/wp-content/themes/enfold/framework/css/avia_admin.css]
[localhost/antibes/wp-content/themes/enfold/framework/css/avia_admin.min.css]
[localhost/antibes/wp-content/themes/enfold/framework/images/colorpicker/colorpicker_background.png]
[localhost/antibes/wp-content/themes/enfold/framework/images/colorpicker/colorpicker_overlay.png]
[localhost/antibes/wp-content/themes/enfold/framework/images/colorpicker/colorpicker_select.gif]
[localhost/antibes/wp-content/themes/enfold/framework/images/colorpicker/colorpicker_indic.gif]
[localhost/antibes/wp-content/themes/enfold/framework/images/colorpicker/colorpicker_hex.png]
[localhost/antibes/wp-content/themes/enfold/framework/images/colorpicker/colorpicker_rgb_r.png]
[localhost/antibes/wp-content/themes/enfold/framework/images/colorpicker/colorpicker_rgb_g.png]
[localhost/antibes/wp-content/themes/enfold/framework/images/colorpicker/colorpicker_rgb_b.png]
[localhost/antibes/wp-content/themes/enfold/framework/images/colorpicker/colorpicker_hsb_h.png]
[localhost/antibes/wp-content/themes/enfold/framework/images/colorpicker/colorpicker_hsb_s.png]
[localhost/antibes/wp-content/themes/enfold/framework/images/colorpicker/colorpicker_hsb_b.png]
[localhost/antibes/wp-content/themes/enfold/framework/images/colorpicker/colorpicker_submit.png]
[localhost/antibes/wp-content/themes/enfold/framework/images/colorpicker/select2.png]
[localhost/antibes/wp-content/themes/enfold/framework/css/avia_colorpicker.css]
[localhost/antibes/wp-content/themes/enfold/framework/css/avia_colorpicker.min.css]
[localhost/antibes/wp-content/themes/enfold/framework/images/icons/icon-trash.png]
[localhost/antibes/wp-content/themes/enfold/framework/css/avia_sidebar.css]
[localhost/antibes/wp-content/themes/enfold/framework/css/avia_sidebar.min.css]
[localhost/antibes/wp-content/themes/enfold/framework/css/conditional_load/index.html]
[localhost/antibes/wp-content/themes/enfold/framework/images/indexc052.html]
[localhost/antibes/wp-content/themes/enfold/framework/images/indexf8a0.html]
[localhost/antibes/wp-content/themes/enfold/framework/images/indexbfec.html]
[localhost/antibes/wp-content/themes/enfold/framework/images/index30b5.html]
[localhost/icons/image2.gif]
[localhost/antibes/wp-content/themes/enfold/framework/images/colorpicker/blank.gif]
[localhost/antibes/wp-content/themes/enfold/framework/images/colorpicker/custom_background.png]
[localhost/antibes/wp-content/themes/enfold/framework/images/colorpicker/custom_hex.png]
[localhost/antibes/wp-content/themes/enfold/framework/images/colorpicker/custom_hsb_b.png]
[localhost/antibes/wp-content/themes/enfold/framework/images/colorpicker/custom_hsb_h.png]
[localhost/antibes/wp-content/themes/enfold/framework/images/colorpicker/custom_hsb_s.png]
[localhost/antibes/wp-content/themes/enfold/framework/images/colorpicker/custom_indic.gif]
[localhost/antibes/wp-content/themes/enfold/framework/images/colorpicker/custom_rgb_b.png]
[localhost/antibes/wp-content/themes/enfold/framework/images/colorpicker/custom_rgb_g.png]
[localhost/antibes/wp-content/themes/enfold/framework/images/colorpicker/custom_rgb_r.png]
[localhost/antibes/wp-content/themes/enfold/framework/images/colorpicker/custom_submit.png]
[localhost/antibes/wp-content/themes/enfold/framework/images/colorpicker/select.png]
[localhost/antibes/wp-content/themes/enfold/framework/images/colorpicker/slider.png]
[localhost/antibes/wp-content/themes/enfold/framework/images/colorpicker/index.html]
[localhost/antibes/wp-content/themes/enfold/framework/images/icons/accept.png]
[localhost/antibes/wp-content/themes/enfold/framework/images/icons/application_side_expand.png]
[localhost/antibes/wp-content/themes/enfold/framework/images/icons/bin_closed.png]
[localhost/antibes/wp-content/themes/enfold/framework/images/icons/blog.png]
[localhost/antibes/wp-content/themes/enfold/framework/images/icons/blueprint_horizontal.png]
[localhost/antibes/wp-content/themes/enfold/framework/images/icons/book_addresses.png]
[localhost/antibes/wp-content/themes/enfold/framework/images/icons/brick.png]
[localhost/antibes/wp-content/themes/enfold/framework/images/icons/cart.png]
[localhost/antibes/wp-content/themes/enfold/framework/images/icons/cog.png]
[localhost/antibes/wp-content/themes/enfold/framework/images/icons/doc_text_image.png]
[localhost/antibes/wp-content/themes/enfold/framework/images/icons/error.png]
[localhost/antibes/wp-content/themes/enfold/framework/images/icons/hammer_screwdriver.png]
[localhost/antibes/wp-content/themes/enfold/framework/images/icons/images.png]
[localhost/antibes/wp-content/themes/enfold/framework/images/icons/import_export.png]
[localhost/antibes/wp-content/themes/enfold/framework/images/icons/layout_header_footer_3_mix.png]
[localhost/antibes/wp-content/themes/enfold/framework/images/icons/layout_select.png]
[localhost/antibes/wp-content/themes/enfold/framework/images/icons/layout_select_footer.png]
[localhost/antibes/wp-content/themes/enfold/framework/images/icons/layout_select_sidebar.png]
[localhost/antibes/wp-content/themes/enfold/framework/images/icons/map.png]
[localhost/antibes/wp-content/themes/enfold/framework/images/icons/page_white_wrench.png]
[localhost/antibes/wp-content/themes/enfold/framework/images/icons/paintbrush.png]
[localhost/antibes/wp-content/themes/enfold/framework/images/icons/paintcan.png]
[localhost/antibes/wp-content/themes/enfold/framework/images/icons/palette.png]
[localhost/antibes/wp-content/themes/enfold/framework/images/icons/photo_album.png]
[localhost/antibes/wp-content/themes/enfold/framework/images/icons/search.png]
[localhost/antibes/wp-content/themes/enfold/framework/images/icons/social_facebook.png]
[localhost/antibes/wp-content/themes/enfold/framework/images/icons/social_flickr.png]
[localhost/antibes/wp-content/themes/enfold/framework/images/icons/social_twitter.png]
[localhost/antibes/wp-content/themes/enfold/framework/images/icons/update.png]
[localhost/antibes/wp-content/themes/enfold/framework/images/icons/user.png]
[localhost/antibes/wp-content/themes/enfold/framework/images/icons/video.png]
[localhost/antibes/wp-content/themes/enfold/framework/images/icons/video_insert_image.png]
[localhost/antibes/wp-content/themes/enfold/framework/images/icons/wand.png]
[localhost/antibes/wp-content/themes/enfold/framework/images/icons/index.html]
[localhost/antibes/wp-content/themes/enfold/framework/images/layout/FIND_API.jpg]
[localhost/antibes/wp-content/themes/enfold/framework/images/layout/arrow.png]
[localhost/antibes/wp-content/themes/enfold/framework/images/layout/diagonal-bold-light.png]
[localhost/antibes/wp-content/themes/enfold/framework/images/layout/gray-grad.png]
[localhost/antibes/wp-content/themes/enfold/framework/images/layout/menu-bits.gif]
[localhost/antibes/wp-content/themes/enfold/framework/images/layout/select.png]
[localhost/antibes/wp-content/themes/enfold/framework/images/layout/select_colorpicker.png]
[localhost/antibes/wp-content/themes/enfold/framework/images/layout/transparency.png]
[localhost/antibes/wp-content/themes/enfold/framework/images/layout/index.html]
[localhost/antibes/wp-content/themes/enfold/framework/images/misc/grecaptcha-check-dark-compact.png]
[localhost/antibes/wp-content/themes/enfold/framework/images/misc/grecaptcha-check-dark-normal.png]
[localhost/antibes/wp-content/themes/enfold/framework/images/misc/grecaptcha-check-light-compact.png]
[localhost/antibes/wp-content/themes/enfold/framework/images/misc/grecaptcha-check-light-normal.png]
[localhost/antibes/wp-content/themes/enfold/framework/images/misc/placeholder.jpg]
[localhost/antibes/wp-content/themes/enfold/framework/images/misc/index.html]
[localhost/antibes/wp-content/themes/enfold/framework/js/indexc052.html]
[localhost/antibes/wp-content/themes/enfold/framework/js/indexf8a0.html]
[localhost/antibes/wp-content/themes/enfold/framework/js/indexbfec.html]
[localhost/antibes/wp-content/themes/enfold/framework/js/index30b5.html]
[localhost/antibes/wp-content/themes/enfold/framework/js/conditional_load/avia_admin_notices.js]
[localhost/antibes/wp-content/themes/enfold/framework/js/conditional_load/avia_admin_notices.min.js]
[localhost/antibes/wp-content/themes/enfold/framework/js/conditional_load/avia_conditional_mega_menu.js]
[localhost/antibes/wp-content/themes/enfold/framework/js/conditional_load/avia_conditional_mega_menu.min.js]
[localhost/antibes/wp-content/themes/enfold/framework/js/conditional_load/avia_facebook_front.js]
[localhost/antibes/wp-content/themes/enfold/framework/js/conditional_load/avia_facebook_front.min.js]
[localhost/antibes/wp-content/themes/enfold/framework/js/conditional_load/avia_google_maps_api.js]
[localhost/antibes/wp-content/themes/enfold/framework/js/conditional_load/avia_google_maps_api.min.js]
[localhost/antibes/wp-content/themes/enfold/framework/js/conditional_load/avia_google_maps_front.js]
[localhost/antibes/wp-content/themes/enfold/framework/js/conditional_load/avia_google_maps_front.min.js]
[localhost/antibes/wp-content/themes/enfold/framework/js/conditional_load/avia_google_maps_widget_admin.js]
[localhost/antibes/wp-content/themes/enfold/framework/js/conditional_load/avia_google_maps_widget_admin.min.js]
[localhost/antibes/wp-content/themes/enfold/framework/js/conditional_load/avia_google_recaptcha_api.js]
[localhost/antibes/wp-content/themes/enfold/framework/js/conditional_load/avia_google_recaptcha_api.min.js]
[localhost/antibes/wp-content/themes/enfold/framework/js/conditional_load/avia_google_recaptcha_front.js]
[localhost/antibes/wp-content/themes/enfold/framework/js/conditional_load/index.html]
[localhost/antibes/wp-content/themes/enfold/framework/js/conditional_load/avia_google_recaptcha_front.min.js]
[localhost/antibes/wp-content/themes/enfold/framework/php/indexc052.html]
[localhost/antibes/wp-content/themes/enfold/framework/php/indexf8a0.html]
[localhost/antibes/wp-content/themes/enfold/framework/php/indexbfec.html]
[localhost/antibes/wp-content/themes/enfold/framework/php/index30b5.html]
[localhost/antibes/wp-content/themes/enfold/framework/php/admin-notices/index.html]
[localhost/antibes/wp-content/themes/enfold/framework/php/auto-updates/index.html]
[localhost/antibes/wp-content/themes/enfold/framework/php/base-classes/index.html]
[localhost/antibes/wp-content/themes/enfold/framework/php/class-accessibility.html]
[localhost/antibes/wp-content/themes/enfold/framework/php/class-admin-notices.html]
[localhost/antibes/wp-content/themes/enfold/framework/php/class-adminpages.html]
[localhost/antibes/wp-content/themes/enfold/framework/php/class-breadcrumb-trail.html]
[localhost/antibes/wp-content/themes/enfold/framework/php/class-cpt-support.html]
[localhost/antibes/wp-content/themes/enfold/framework/php/class-database-option-sets.html]
[localhost/antibes/wp-content/themes/enfold/framework/php/class-duplicate-post.html]
[localhost/antibes/wp-content/themes/enfold/framework/php/class-form-generator.html]
[localhost/antibes/wp-content/themes/enfold/framework/php/class-gmaps.html]
[localhost/antibes/wp-content/themes/enfold/framework/php/class-grecaptcha.html]
[localhost/antibes/wp-content/themes/enfold/framework/php/class-htmlhelper.html]
[localhost/antibes/wp-content/themes/enfold/framework/php/class-media.html]
[localhost/antibes/wp-content/themes/enfold/framework/php/class-megamenu.html]
[localhost/antibes/wp-content/themes/enfold/framework/php/class-metabox.html]
[localhost/antibes/wp-content/themes/enfold/framework/php/class-responsive-images.html]
[localhost/antibes/wp-content/themes/enfold/framework/php/class-sidebar-generator.html]
[localhost/antibes/wp-content/themes/enfold/framework/php/class-style-generator.html]
[localhost/antibes/wp-content/themes/enfold/framework/php/class-superobject.html]
[localhost/antibes/wp-content/themes/enfold/framework/php/class-svg-images.html]
[localhost/antibes/wp-content/themes/enfold/framework/php/font-management/index.html]
[localhost/antibes/wp-content/themes/enfold/framework/php/function-set-avia-ajax.html]
[localhost/antibes/wp-content/themes/enfold/framework/php/function-set-avia-backend.html]
[localhost/antibes/wp-content/themes/enfold/framework/php/function-set-avia-frontend.html]
[localhost/antibes/wp-content/themes/enfold/framework/php/inc-autoconfig.html]
[localhost/antibes/wp-content/themes/enfold/framework/php/inc-avia-download-demo.html]
[localhost/antibes/wp-content/themes/enfold/framework/php/inc-avia-importer.html]
[localhost/antibes/wp-content/themes/enfold/framework/php/widgets/index.html]
[localhost/antibes/wp-content/themes/enfold/framework/php/wordpress-importer/index.html]
[localhost/antibes/wp-content/themes/enfold/framework/css/indexb70a.html]
[localhost/antibes/wp-content/themes/enfold/framework/css/index72c9.html]
[localhost/antibes/wp-content/themes/enfold/framework/css/index5851.html]
[localhost/antibes/wp-content/themes/enfold/framework/css/indexad3f.html]
[localhost/antibes/wp-content/themes/enfold/framework/images/layout/svg/select.svg]
[localhost/antibes/wp-content/themes/enfold/framework/php/legacy_avia_shortcodes/tinymce/img/icon.html]
[localhost/antibes/wp-content/themes/enfold/framework/css/conditional_load/indexc052.html]
[localhost/antibes/wp-content/themes/enfold/framework/css/conditional_load/indexf8a0.html]
[localhost/antibes/wp-content/themes/enfold/framework/css/conditional_load/indexbfec.html]
[localhost/antibes/wp-content/themes/enfold/framework/css/conditional_load/index30b5.html]
[localhost/antibes/wp-content/themes/enfold/framework/css/conditional_load/avia_admin_modern.css]
[localhost/antibes/wp-content/themes/enfold/framework/css/conditional_load/avia_admin_modern.min.css]
[localhost/antibes/wp-content/themes/enfold/framework/css/conditional_load/avia_block_widgets.css]
[localhost/antibes/wp-content/themes/enfold/framework/css/conditional_load/avia_block_widgets.min.css]
[localhost/antibes/wp-content/themes/enfold/framework/css/conditional_load/avia_gallery_mode.css]
[localhost/antibes/wp-content/themes/enfold/framework/css/conditional_load/avia_gallery_mode.min.css]
[localhost/antibes/wp-content/themes/enfold/framework/css/conditional_load/avia_global_admin.css]
[localhost/antibes/wp-content/themes/enfold/framework/css/conditional_load/avia_global_admin.min.css]
[localhost/antibes/wp-content/themes/enfold/framework/images/indexb70a.html]
[localhost/antibes/wp-content/themes/enfold/framework/images/index72c9.html]
[localhost/antibes/wp-content/themes/enfold/framework/images/index5851.html]
[localhost/antibes/wp-content/themes/enfold/framework/images/indexad3f.html]
[localhost/antibes/wp-content/themes/enfold/framework/images/colorpicker/indexc052.html]
[localhost/antibes/wp-content/themes/enfold/framework/images/colorpicker/indexf8a0.html]
[localhost/antibes/wp-content/themes/enfold/framework/images/colorpicker/indexbfec.html]
[localhost/antibes/wp-content/themes/enfold/framework/images/colorpicker/index30b5.html]
[localhost/antibes/wp-content/themes/enfold/framework/images/icons/indexc052.html]
[localhost/antibes/wp-content/themes/enfold/framework/images/icons/indexf8a0.html]
[localhost/antibes/wp-content/themes/enfold/framework/images/icons/indexbfec.html]
[localhost/antibes/wp-content/themes/enfold/framework/images/icons/index30b5.html]
[localhost/antibes/wp-content/themes/enfold/framework/images/icons/new/accesibility.png]
[localhost/antibes/wp-content/themes/enfold/framework/images/icons/new/arrow-repeat-two-7@3x.png]
[localhost/antibes/wp-content/themes/enfold/framework/images/icons/new/circle-user-7@3x.png]
[localhost/antibes/wp-content/themes/enfold/framework/images/icons/new/color-palette-7@3x.png]
[localhost/antibes/wp-content/themes/enfold/framework/images/icons/new/connect-arrow-up-down-7@3x.png]
[localhost/antibes/wp-content/themes/enfold/framework/images/icons/new/cookie-7@3x.png]
[localhost/antibes/wp-content/themes/enfold/framework/images/icons/new/custom-elements-7@3x.png]
[localhost/antibes/wp-content/themes/enfold/framework/images/icons/new/custom-menu@3x.png]
[localhost/antibes/wp-content/themes/enfold/framework/images/icons/new/folder-download-7@3x.png]
[localhost/antibes/wp-content/themes/enfold/framework/images/icons/new/layout-arrange-02-7@3x.png]
[localhost/antibes/wp-content/themes/enfold/framework/images/icons/new/layout-arrange-13-7@3x.png]
[localhost/antibes/wp-content/themes/enfold/framework/images/icons/new/layout-reverse@3x.png]
[localhost/antibes/wp-content/themes/enfold/framework/images/icons/new/leaflet-maps-7@3x.png]
[localhost/antibes/wp-content/themes/enfold/framework/images/icons/new/magic-wand-7@3x.png]
[localhost/antibes/wp-content/themes/enfold/framework/images/icons/new/newspaper-7@3x.png]
[localhost/antibes/wp-content/themes/enfold/framework/images/icons/new/note-write-7@3x.png]
[localhost/antibes/wp-content/themes/enfold/framework/images/icons/new/paper-map-7@3x.png]
[localhost/antibes/wp-content/themes/enfold/framework/images/icons/new/performance-7@3x.png]
[localhost/antibes/wp-content/themes/enfold/framework/images/icons/new/seo-7@3x.png]
[localhost/antibes/wp-content/themes/enfold/framework/images/icons/new/server-plus-7@3x.png]
[localhost/antibes/wp-content/themes/enfold/framework/images/icons/new/shopping-cart-7@3x.png]
[localhost/antibes/wp-content/themes/enfold/framework/images/icons/new/spanner-screwdriver-7@3x.png]
[localhost/antibes/wp-content/themes/enfold/framework/images/icons/new/window-7@3x.png]
[localhost/antibes/wp-content/themes/enfold/framework/images/icons/new/window-plus-7@3x.png]
[localhost/antibes/wp-content/themes/enfold/framework/images/icons/new/window-three-7@3x.png]
[localhost/antibes/wp-content/themes/enfold/framework/images/icons/new/window-up-7@3x.png]
[localhost/antibes/wp-content/themes/enfold/framework/images/icons/new/window-within-7@3x.png]
[localhost/antibes/wp-content/themes/enfold/framework/images/icons/new/index.html]
[localhost/antibes/wp-content/themes/enfold/framework/images/layout/indexc052.html]
[localhost/antibes/wp-content/themes/enfold/framework/images/layout/indexf8a0.html]
[localhost/antibes/wp-content/themes/enfold/framework/images/layout/indexbfec.html]
[localhost/antibes/wp-content/themes/enfold/framework/images/layout/index30b5.html]
[localhost/antibes/wp-content/themes/enfold/framework/images/layout/svg/index.html]
[localhost/antibes/wp-content/themes/enfold/framework/images/misc/indexc052.html]
[localhost/antibes/wp-content/themes/enfold/framework/images/misc/indexf8a0.html]
[localhost/antibes/wp-content/themes/enfold/framework/images/misc/indexbfec.html]
[localhost/antibes/wp-content/themes/enfold/framework/images/misc/index30b5.html]
[localhost/antibes/wp-content/themes/enfold/framework/js/indexb70a.html]
[localhost/antibes/wp-content/themes/enfold/framework/js/index72c9.html]
[localhost/antibes/wp-content/themes/enfold/framework/js/index5851.html]
[localhost/antibes/wp-content/themes/enfold/framework/js/indexad3f.html]
[localhost/antibes/wp-content/themes/enfold/framework/js/conditional_load/indexc052.html]
[localhost/antibes/wp-content/themes/enfold/framework/js/conditional_load/indexf8a0.html]
[localhost/antibes/wp-content/themes/enfold/framework/js/conditional_load/indexbfec.html]
[localhost/antibes/wp-content/themes/enfold/framework/js/conditional_load/index30b5.html]
[localhost/antibes/wp-content/themes/enfold/framework/php/indexb70a.html]
[localhost/antibes/wp-content/themes/enfold/framework/php/index72c9.html]
[localhost/antibes/wp-content/themes/enfold/framework/php/index5851.html]
[localhost/antibes/wp-content/themes/enfold/framework/php/indexad3f.html]
[localhost/antibes/wp-content/themes/enfold/framework/php/admin-notices/indexc052.html]
[localhost/antibes/wp-content/themes/enfold/framework/php/admin-notices/indexf8a0.html]
[localhost/antibes/wp-content/themes/enfold/framework/php/admin-notices/indexbfec.html]
[localhost/antibes/wp-content/themes/enfold/framework/php/admin-notices/index30b5.html]
[localhost/antibes/wp-content/themes/enfold/framework/php/admin-notices/admin-notices-def.html]
[localhost/antibes/wp-content/themes/enfold/framework/php/admin-notices/templates/index.html]
[localhost/antibes/wp-content/themes/enfold/framework/php/auto-updates/indexc052.html]
[localhost/antibes/wp-content/themes/enfold/framework/php/auto-updates/indexf8a0.html]
[localhost/antibes/wp-content/themes/enfold/framework/php/auto-updates/indexbfec.html]
[localhost/antibes/wp-content/themes/enfold/framework/php/auto-updates/index30b5.html]
[localhost/antibes/wp-content/themes/enfold/framework/php/auto-updates/class-avia-auto-updates.html]
[localhost/antibes/wp-content/themes/enfold/framework/php/auto-updates/class-avia-envato-base-api.html]
[localhost/antibes/wp-content/themes/enfold/framework/php/auto-updates/class-avia-theme-data-updater.html]
[localhost/antibes/wp-content/themes/enfold/framework/php/auto-updates/class-avia-theme-updater.html]
[localhost/antibes/wp-content/themes/enfold/framework/php/auto-updates/class-envato-protected-api.html]
[localhost/antibes/wp-content/themes/enfold/framework/php/auto-updates/class-pixelentity-theme-update.html]
[localhost/antibes/wp-content/themes/enfold/framework/php/base-classes/indexc052.html]
[localhost/antibes/wp-content/themes/enfold/framework/php/base-classes/indexf8a0.html]
[localhost/antibes/wp-content/themes/enfold/framework/php/base-classes/indexbfec.html]
[localhost/antibes/wp-content/themes/enfold/framework/php/base-classes/index30b5.html]
[localhost/antibes/wp-content/themes/enfold/framework/php/base-classes/class-object-properties.html]
[localhost/antibes/wp-content/themes/enfold/framework/php/font-management/indexc052.html]
[localhost/antibes/wp-content/themes/enfold/framework/php/font-management/indexf8a0.html]
[localhost/antibes/wp-content/themes/enfold/framework/php/font-management/indexbfec.html]
[localhost/antibes/wp-content/themes/enfold/framework/php/font-management/index30b5.html]
[localhost/antibes/wp-content/themes/enfold/framework/php/font-management/class-avia-font-management-base.html]
[localhost/antibes/wp-content/themes/enfold/framework/php/font-management/class-avia-icon-fonts.html]
[localhost/antibes/wp-content/themes/enfold/framework/php/font-management/class-avia-type-fonts.html]
[localhost/antibes/wp-content/themes/enfold/framework/php/widgets/indexc052.html]
[localhost/antibes/wp-content/themes/enfold/framework/php/widgets/indexf8a0.html]
[localhost/antibes/wp-content/themes/enfold/framework/php/widgets/indexbfec.html]
[localhost/antibes/wp-content/themes/enfold/framework/php/widgets/index30b5.html]
[localhost/antibes/wp-content/themes/enfold/framework/php/widgets/base-classes/index.html]
[localhost/antibes/wp-content/themes/enfold/framework/php/widgets/class-widget-loader.html]
[localhost/antibes/wp-content/themes/enfold/framework/php/widgets/legacy/index.html]
[localhost/antibes/wp-content/themes/enfold/framework/php/widgets/widget-classes/index.html]
[localhost/antibes/wp-content/themes/enfold/framework/php/wordpress-importer/indexc052.html]
[localhost/antibes/wp-content/themes/enfold/framework/php/wordpress-importer/indexf8a0.html]
[localhost/antibes/wp-content/themes/enfold/framework/php/wordpress-importer/indexbfec.html]
[localhost/antibes/wp-content/themes/enfold/framework/php/wordpress-importer/index30b5.html]
[localhost/antibes/wp-content/themes/enfold/framework/php/wordpress-importer/avia-export-class.html]
[localhost/antibes/wp-content/themes/enfold/framework/php/wordpress-importer/avia-import-class.html]
[localhost/antibes/wp-content/themes/enfold/framework/php/wordpress-importer/parsers.html]
[localhost/antibes/wp-content/themes/enfold/framework/php/wordpress-importer/wordpress-importer.html]
[localhost/antibes/wp-content/themes/enfold/framework/css/conditional_load/indexb70a.html]
[localhost/antibes/wp-content/themes/enfold/framework/css/conditional_load/index72c9.html]
[localhost/antibes/wp-content/themes/enfold/framework/css/conditional_load/index5851.html]
[localhost/antibes/wp-content/themes/enfold/framework/css/conditional_load/indexad3f.html]
[localhost/antibes/wp-content/themes/enfold/framework/images/colorpicker/indexb70a.html]
[localhost/antibes/wp-content/themes/enfold/framework/images/colorpicker/index72c9.html]
[localhost/antibes/wp-content/themes/enfold/framework/images/colorpicker/index5851.html]
[localhost/antibes/wp-content/themes/enfold/framework/images/colorpicker/indexad3f.html]
[localhost/antibes/wp-content/themes/enfold/framework/images/icons/indexb70a.html]
[localhost/antibes/wp-content/themes/enfold/framework/images/icons/index72c9.html]
[localhost/antibes/wp-content/themes/enfold/framework/images/icons/index5851.html]
[localhost/antibes/wp-content/themes/enfold/framework/images/icons/indexad3f.html]
[localhost/antibes/wp-content/themes/enfold/framework/images/icons/new/indexc052.html]
[localhost/antibes/wp-content/themes/enfold/framework/images/icons/new/indexf8a0.html]
[localhost/antibes/wp-content/themes/enfold/framework/images/icons/new/indexbfec.html]
[localhost/antibes/wp-content/themes/enfold/framework/images/icons/new/index30b5.html]
[localhost/antibes/wp-content/themes/enfold/framework/images/icons/new/svg/index.html]
[localhost/antibes/wp-content/themes/enfold/framework/images/layout/indexb70a.html]
[localhost/antibes/wp-content/themes/enfold/framework/images/layout/index72c9.html]
[localhost/antibes/wp-content/themes/enfold/framework/images/layout/index5851.html]
[localhost/antibes/wp-content/themes/enfold/framework/images/layout/indexad3f.html]
[localhost/antibes/wp-content/themes/enfold/framework/images/layout/svg/indexc052.html]
[localhost/antibes/wp-content/themes/enfold/framework/images/layout/svg/indexf8a0.html]
[localhost/antibes/wp-content/themes/enfold/framework/images/layout/svg/indexbfec.html]
[localhost/antibes/wp-content/themes/enfold/framework/images/layout/svg/index30b5.html]
[localhost/antibes/wp-content/themes/enfold/framework/images/misc/indexb70a.html]
[localhost/antibes/wp-content/themes/enfold/framework/images/misc/index72c9.html]
[localhost/antibes/wp-content/themes/enfold/framework/images/misc/index5851.html]
[localhost/antibes/wp-content/themes/enfold/framework/images/misc/indexad3f.html]
[localhost/antibes/wp-content/themes/enfold/framework/js/conditional_load/indexb70a.html]
[localhost/antibes/wp-content/themes/enfold/framework/js/conditional_load/index72c9.html]
[localhost/antibes/wp-content/themes/enfold/framework/js/conditional_load/index5851.html]
[localhost/antibes/wp-content/themes/enfold/framework/js/conditional_load/indexad3f.html]
[localhost/antibes/wp-content/themes/enfold/framework/php/admin-notices/indexb70a.html]
[localhost/antibes/wp-content/themes/enfold/framework/php/admin-notices/index72c9.html]
[localhost/antibes/wp-content/themes/enfold/framework/php/admin-notices/index5851.html]
[localhost/antibes/wp-content/themes/enfold/framework/php/admin-notices/indexad3f.html]
[localhost/antibes/wp-content/themes/enfold/framework/php/admin-notices/templates/indexc052.html]
[localhost/antibes/wp-content/themes/enfold/framework/php/admin-notices/templates/indexf8a0.html]
[localhost/antibes/wp-content/themes/enfold/framework/php/admin-notices/templates/indexbfec.html]
[localhost/antibes/wp-content/themes/enfold/framework/php/admin-notices/templates/index30b5.html]
[localhost/antibes/wp-content/themes/enfold/framework/php/admin-notices/templates/welcome-new.html]
[localhost/antibes/wp-content/themes/enfold/framework/php/admin-notices/templates/welcome-update.html]
[localhost/antibes/wp-content/themes/enfold/framework/php/auto-updates/indexb70a.html]
[localhost/antibes/wp-content/themes/enfold/framework/php/auto-updates/index72c9.html]
[localhost/antibes/wp-content/themes/enfold/framework/php/auto-updates/index5851.html]
[localhost/antibes/wp-content/themes/enfold/framework/php/auto-updates/indexad3f.html]
[localhost/antibes/wp-content/themes/enfold/framework/php/base-classes/indexb70a.html]
[localhost/antibes/wp-content/themes/enfold/framework/php/base-classes/index72c9.html]
[localhost/antibes/wp-content/themes/enfold/framework/php/base-classes/index5851.html]
[localhost/antibes/wp-content/themes/enfold/framework/php/base-classes/indexad3f.html]
[localhost/antibes/wp-content/themes/enfold/framework/php/font-management/indexb70a.html]
[localhost/antibes/wp-content/themes/enfold/framework/php/font-management/index72c9.html]
[localhost/antibes/wp-content/themes/enfold/framework/php/font-management/index5851.html]
[localhost/antibes/wp-content/themes/enfold/framework/php/font-management/indexad3f.html]
[localhost/antibes/wp-content/themes/enfold/framework/php/widgets/indexb70a.html]
[localhost/antibes/wp-content/themes/enfold/framework/php/widgets/index72c9.html]
[localhost/antibes/wp-content/themes/enfold/framework/php/widgets/index5851.html]
[localhost/antibes/wp-content/themes/enfold/framework/php/widgets/indexad3f.html]
[localhost/antibes/wp-content/themes/enfold/framework/php/widgets/base-classes/indexc052.html]
[localhost/antibes/wp-content/themes/enfold/framework/php/widgets/base-classes/indexf8a0.html]
[localhost/antibes/wp-content/themes/enfold/framework/php/widgets/base-classes/indexbfec.html]
[localhost/antibes/wp-content/themes/enfold/framework/php/widgets/base-classes/index30b5.html]
[localhost/antibes/wp-content/themes/enfold/framework/php/widgets/base-classes/class-avia-widget.html]
[localhost/antibes/wp-content/themes/enfold/framework/php/widgets/legacy/indexc052.html]
[localhost/antibes/wp-content/themes/enfold/framework/php/widgets/legacy/indexf8a0.html]
[localhost/antibes/wp-content/themes/enfold/framework/php/widgets/legacy/indexbfec.html]
[localhost/antibes/wp-content/themes/enfold/framework/php/widgets/legacy/index30b5.html]
[localhost/antibes/wp-content/themes/enfold/framework/php/widgets/legacy/class-avia-combo.html]
[localhost/antibes/wp-content/themes/enfold/framework/php/widgets/legacy/class-avia-newsbox.html]
[localhost/antibes/wp-content/themes/enfold/framework/php/widgets/legacy/class-avia-tweetbox.html]
[localhost/antibes/wp-content/themes/enfold/framework/php/widgets/widget-classes/indexc052.html]
[localhost/antibes/wp-content/themes/enfold/framework/php/widgets/widget-classes/indexf8a0.html]
[localhost/antibes/wp-content/themes/enfold/framework/php/widgets/widget-classes/indexbfec.html]
[localhost/antibes/wp-content/themes/enfold/framework/php/widgets/widget-classes/index30b5.html]
[localhost/antibes/wp-content/themes/enfold/framework/php/widgets/widget-classes/class-avia-auto-toc.html]
[localhost/antibes/wp-content/themes/enfold/framework/php/widgets/widget-classes/class-avia-combo.html]
[localhost/antibes/wp-content/themes/enfold/framework/php/widgets/widget-classes/class-avia-fb-likebox.html]
[localhost/antibes/wp-content/themes/enfold/framework/php/widgets/widget-classes/class-avia-google-maps.html]
[localhost/antibes/wp-content/themes/enfold/framework/php/widgets/widget-classes/class-avia-instagram.html]
[localhost/antibes/wp-content/themes/enfold/framework/php/widgets/widget-classes/class-avia-mailchimp.html]
[localhost/antibes/wp-content/themes/enfold/framework/php/widgets/widget-classes/class-avia-newsbox.html]
[localhost/antibes/wp-content/themes/enfold/framework/php/widgets/widget-classes/class-avia-one-partner.html]
[localhost/antibes/wp-content/themes/enfold/framework/php/widgets/widget-classes/class-avia-partner.html]
[localhost/antibes/wp-content/themes/enfold/framework/php/widgets/widget-classes/class-avia-portfoliobox.html]
[localhost/antibes/wp-content/themes/enfold/framework/php/widgets/widget-classes/class-avia-socialcount.html]
[localhost/antibes/wp-content/themes/enfold/framework/php/wordpress-importer/indexb70a.html]
[localhost/antibes/wp-content/themes/enfold/framework/php/wordpress-importer/index72c9.html]
[localhost/antibes/wp-content/themes/enfold/framework/php/wordpress-importer/index5851.html]
[localhost/antibes/wp-content/themes/enfold/framework/php/wordpress-importer/indexad3f.html]
[localhost/antibes/wp-content/themes/enfold/framework/images/icons/new/indexb70a.html]
[localhost/antibes/wp-content/themes/enfold/framework/images/icons/new/index72c9.html]
[localhost/antibes/wp-content/themes/enfold/framework/images/icons/new/index5851.html]
[localhost/antibes/wp-content/themes/enfold/framework/images/icons/new/indexad3f.html]
[localhost/antibes/wp-content/themes/enfold/framework/images/icons/new/svg/indexc052.html]
[localhost/antibes/wp-content/themes/enfold/framework/images/icons/new/svg/indexf8a0.html]
[localhost/antibes/wp-content/themes/enfold/framework/images/icons/new/svg/indexbfec.html]
[localhost/antibes/wp-content/themes/enfold/framework/images/icons/new/svg/index30b5.html]
[localhost/antibes/wp-content/themes/enfold/framework/images/icons/new/svg/accessibility.svg]
[localhost/antibes/wp-content/themes/enfold/framework/images/icons/new/svg/arrow-repeat-two-7.svg]
[localhost/antibes/wp-content/themes/enfold/framework/images/icons/new/svg/circle-user-7.svg]
[localhost/antibes/wp-content/themes/enfold/framework/images/icons/new/svg/color-palette-7.svg]
[localhost/antibes/wp-content/themes/enfold/framework/images/icons/new/svg/connect-arrow-up-down-7.svg]
[localhost/antibes/wp-content/themes/enfold/framework/images/icons/new/svg/cookie.svg]
[localhost/antibes/wp-content/themes/enfold/framework/images/icons/new/svg/custom-menu.svg]
[localhost/antibes/wp-content/themes/enfold/framework/images/icons/new/svg/layout-arrange-02-7.svg]
[localhost/antibes/wp-content/themes/enfold/framework/images/icons/new/svg/layout-arrange-13-7.svg]
[localhost/antibes/wp-content/themes/enfold/framework/images/icons/new/svg/layout-reverse.svg]
[localhost/antibes/wp-content/themes/enfold/framework/images/icons/new/svg/leaf.svg]
[localhost/antibes/wp-content/themes/enfold/framework/images/icons/new/svg/magic-wand-7.svg]
[localhost/antibes/wp-content/themes/enfold/framework/images/icons/new/svg/newspaper-7.svg]
[localhost/antibes/wp-content/themes/enfold/framework/images/icons/new/svg/note-write-7.svg]
[localhost/antibes/wp-content/themes/enfold/framework/images/icons/new/svg/paper-map-7.svg]
[localhost/antibes/wp-content/themes/enfold/framework/images/icons/new/svg/performance.svg]
[localhost/antibes/wp-content/themes/enfold/framework/images/icons/new/svg/seo-7.svg]
[localhost/antibes/wp-content/themes/enfold/framework/images/icons/new/svg/server-plus-7.svg]
[localhost/antibes/wp-content/themes/enfold/framework/images/icons/new/svg/shopping-cart-7.svg]
[localhost/antibes/wp-content/themes/enfold/framework/images/icons/new/svg/social_facebook.svg]
[localhost/antibes/wp-content/themes/enfold/framework/images/icons/new/svg/social_flickr.svg]
[localhost/antibes/wp-content/themes/enfold/framework/images/icons/new/svg/social_twitter.svg]
[localhost/antibes/wp-content/themes/enfold/framework/images/icons/new/svg/spanner-screwdriver-7.svg]
[localhost/antibes/wp-content/themes/enfold/framework/images/icons/new/svg/window-plus-7.svg]
[localhost/antibes/wp-content/themes/enfold/framework/images/icons/new/svg/window-three-7.svg]
[localhost/antibes/wp-content/themes/enfold/framework/images/icons/new/svg/window-up-7.svg]
[localhost/antibes/wp-content/themes/enfold/framework/images/icons/new/svg/window-within-7.svg]
[localhost/antibes/wp-content/themes/enfold/framework/images/layout/svg/indexb70a.html]
[localhost/antibes/wp-content/themes/enfold/framework/images/layout/svg/index72c9.html]
[localhost/antibes/wp-content/themes/enfold/framework/images/layout/svg/index5851.html]
[localhost/antibes/wp-content/themes/enfold/framework/images/layout/svg/indexad3f.html]
[localhost/antibes/wp-content/themes/enfold/framework/php/admin-notices/templates/indexb70a.html]
[localhost/antibes/wp-content/themes/enfold/framework/php/admin-notices/templates/index72c9.html]
[localhost/antibes/wp-content/themes/enfold/framework/php/admin-notices/templates/index5851.html]
[localhost/antibes/wp-content/themes/enfold/framework/php/admin-notices/templates/indexad3f.html]
[localhost/antibes/wp-content/themes/enfold/framework/php/widgets/base-classes/indexb70a.html]
[localhost/antibes/wp-content/themes/enfold/framework/php/widgets/base-classes/index72c9.html]
[localhost/antibes/wp-content/themes/enfold/framework/php/widgets/base-classes/index5851.html]
[localhost/antibes/wp-content/themes/enfold/framework/php/widgets/base-classes/indexad3f.html]
[localhost/antibes/wp-content/themes/enfold/framework/php/widgets/legacy/indexb70a.html]
[localhost/antibes/wp-content/themes/enfold/framework/php/widgets/legacy/index72c9.html]
[localhost/antibes/wp-content/themes/enfold/framework/php/widgets/legacy/index5851.html]
[localhost/antibes/wp-content/themes/enfold/framework/php/widgets/legacy/indexad3f.html]
[localhost/antibes/wp-content/themes/enfold/framework/php/widgets/widget-classes/indexb70a.html]
[localhost/antibes/wp-content/themes/enfold/framework/php/widgets/widget-classes/index72c9.html]
[localhost/antibes/wp-content/themes/enfold/framework/php/widgets/widget-classes/index5851.html]
[localhost/antibes/wp-content/themes/enfold/framework/php/widgets/widget-classes/indexad3f.html]
[localhost/antibes/wp-content/themes/enfold/framework/images/icons/new/svg/indexb70a.html]
[localhost/antibes/wp-content/themes/enfold/framework/images/icons/new/svg/index72c9.html]
[localhost/antibes/wp-content/themes/enfold/framework/images/icons/new/svg/index5851.html]
[localhost/antibes/wp-content/themes/enfold/framework/images/icons/new/svg/indexad3f.html]
